// Vitest Snapshot v1, https://vitest.dev/guide/snapshot.html

exports[`file_new - Snapshot Tests > renders file creation with empty content 1`] = `
"⚙ Create src/empty.ts
  └─ Created (0 lines, 0 bytes)"
`;

exports[`file_new - Snapshot Tests > renders file creation with multi-line content 1`] = `
"⚙ Create src/components/App.tsx
  └─ Created (10 lines, 156 bytes)"
`;

exports[`file_new - Snapshot Tests > renders file creation without metadata 1`] = `
"⚙ Create README.md
  └─ Created"
`;

exports[`file_new - Snapshot Tests > renders successful file creation with metadata 1`] = `
"⚙ Create src/greeting.ts
  └─ Created (1 lines, 42 bytes)"
`;
