// Vitest Snapshot v1, https://vitest.dev/guide/snapshot.html

exports[`glob_tool - Snapshot Tests > renders glob search with nested paths 1`] = `
"⚙ Find files src/components/**/*.tsx
  └─ Found 6 files"
`;

exports[`glob_tool - Snapshot Tests > renders glob search with no files found 1`] = `
"⚙ Find files **/*.xyz
  └─ Found 0 files"
`;

exports[`glob_tool - Snapshot Tests > renders glob search with truncated results 1`] = `
"⚙ Find files **/*.ts
  └─ Found 100 files (truncated)"
`;

exports[`glob_tool - Snapshot Tests > renders successful glob search with files found 1`] = `
"⚙ Find files **/*.ts{,x}
  └─ Found 5 files"
`;
