// Vitest Snapshot v1, https://vitest.dev/guide/snapshot.html

exports[`grep_tool - Snapshot Tests > renders grep search with many matches (truncated) 1`] = `
"⚙ Search const value at /Users/user/large-project with limit: 100
  └─ Found 100 matches in 100 files (truncated)"
`;

exports[`grep_tool - Snapshot Tests > renders grep search with multiple matches in same file 1`] = `
"⚙ Search TODO at /Users/user/project/src
  └─ Found 5 matches in 2 files"
`;

exports[`grep_tool - Snapshot Tests > renders grep search with no matches 1`] = `
"⚙ Search nonexistent_pattern_xyz123 at /Users/user/project
  └─ Not found"
`;

exports[`grep_tool - Snapshot Tests > renders successful grep search with matches 1`] = `
"⚙ Search useState at /Users/user/project
  └─ Found 4 matches in 4 files"
`;
