// Vitest Snapshot v1, https://vitest.dev/guide/snapshot.html

exports[`todo_write - Snapshot Tests > renders empty todo list 1`] = `
"⚙ Update todo
  └─ Updated (0/0 - 0%)"
`;

exports[`todo_write - Snapshot Tests > renders successful todo list update with progress 1`] = `
"⚙ Update todo
  │  [✔] Implement feature X
  │  [~] Write tests for feature X
  │  [ ] Update documentation
  └─ Updated (1/3 - 33%)"
`;

exports[`todo_write - Snapshot Tests > renders todo list with all completed tasks 1`] = `
"⚙ Update todo
  │  [✔] Task 1
  │  [✔] Task 2
  └─ Updated (2/2 - 100%)"
`;

exports[`todo_write - Snapshot Tests > renders todo list without metadata 1`] = `
"⚙ Update todo
  │  [ ] Simple task
  └─ Updated"
`;
